2026-08-14 19:47:40,747 [INFO] Démarrage du scraping sur https://www.hellowork.com/fr-fr/emploi/recherche.html?k=php&l=paris
2026-08-14 19:47:40,907 [INFO] 30 offres trouvées
2026-08-14 19:47:40,908 [INFO] 30 nouvelles offres à récupérer (0 déjà en base)
2026-08-14 19:47:40,908 [INFO] Récupération : https://www.hellowork.com/fr-fr/emplois/81792851.html
2026-08-14 19:47:41,020 [INFO] Offre enregistrée : https://www.hellowork.com/fr-fr/emplois/81792851.html
2026-08-14 19:47:43,025 [INFO] Récupération : https://www.hellowork.com/fr-fr/emplois/82108545.html
2026-08-14 19:47:43,106 [INFO] Offre enregistrée : https://www.hellowork.com/fr-fr/emplois/82108545.html
2026-08-14 19:47:45,107 [INFO] Récupération : https://www.hellowork.com/fr-fr/emplois/80459811.html
2026-08-14 19:47:45,223 [INFO] Offre enregistrée : https://www.hellowork.com/fr-fr/emplois/80459811.html
2026-08-14 19:47:47,228 [INFO] Récupération : https://www.hellowork.com/fr-fr/emplois/78667327.html
2026-08-14 19:47:47,343 [INFO] Offre enregistrée : https://www.hellowork.com/fr-fr/emplois/78667327.html
2026-08-14 19:47:49,348 [INFO] Récupération : https://www.hellowork.com/fr-fr/emplois/82108550.html
2026-08-14 19:47:49,458 [INFO] Offre enregistrée : https://www.hellowork.com/fr-fr/emplois/82108550.html
2026-08-14 19:47:51,463 [INFO] Récupération : https://www.hellowork.com/fr-fr/emplois/82121187.html
2026-08-14 19:47:51,615 [INFO] Offre enregistrée : https://www.hellowork.com/fr-fr/emplois/82121187.html
2026-08-14 19:47:53,616 [INFO] Récupération : https://www.hellowork.com/fr-fr/emplois/82055405.html
2026-08-14 19:47:53,728 [INFO] Offre enregistrée : https://www.hellowork.com/fr-fr/emplois/82055405.html
2026-08-14 19:47:55,733 [INFO] Récupération : https://www.hellowork.com/fr-fr/emplois/81886930.html
2026-08-14 19:47:55,843 [INFO] Offre enregistrée : https://www.hellowork.com/fr-fr/emplois/81886930.html
2026-08-14 19:47:57,848 [INFO] Récupération : https://www.hellowork.com/fr-fr/emplois/82120782.html
2026-08-14 19:47:57,927 [INFO] Offre enregistrée : https://www.hellowork.com/fr-fr/emplois/82120782.html
2026-08-14 19:47:59,932 [INFO] Récupération : https://www.hellowork.com/fr-fr/emplois/78956477.html
2026-08-14 19:48:00,026 [INFO] Offre enregistrée : https://www.hellowork.com/fr-fr/emplois/78956477.html
2026-08-14 19:48:02,031 [INFO] Récupération : https://www.hellowork.com/fr-fr/emplois/80889692.html
2026-08-14 19:48:02,156 [INFO] Offre enregistrée : https://www.hellowork.com/fr-fr/emplois/80889692.html
2026-08-14 19:48:04,161 [INFO] Récupération : https://www.hellowork.com/fr-fr/emplois/81835669.html
2026-08-14 19:48:04,253 [INFO] Offre enregistrée : https://www.hellowork.com/fr-fr/emplois/81835669.html
2026-08-14 19:48:06,258 [INFO] Récupération : https://www.hellowork.com/fr-fr/emplois/78094312.html
2026-08-14 19:48:06,376 [INFO] Offre enregistrée : https://www.hellowork.com/fr-fr/emplois/78094312.html
2026-08-14 19:48:08,381 [INFO] Récupération : https://www.hellowork.com/fr-fr/emplois/82253251.html
2026-08-14 19:48:08,504 [INFO] Offre enregistrée : https://www.hellowork.com/fr-fr/emplois/82253251.html
2026-08-14 19:48:10,509 [INFO] Récupération : https://www.hellowork.com/fr-fr/emplois/82082528.html
2026-08-14 19:48:10,607 [INFO] Offre enregistrée : https://www.hellowork.com/fr-fr/emplois/82082528.html
2026-08-14 19:48:12,612 [INFO] Récupération : https://www.hellowork.com/fr-fr/emplois/72657015.html
2026-08-14 19:48:12,679 [INFO] Offre enregistrée : https://www.hellowork.com/fr-fr/emplois/72657015.html
2026-08-14 19:48:14,681 [INFO] Récupération : https://www.hellowork.com/fr-fr/emplois/81671693.html
2026-08-14 19:48:14,756 [INFO] Offre enregistrée : https://www.hellowork.com/fr-fr/emplois/81671693.html
2026-08-14 19:48:16,761 [INFO] Récupération : https://www.hellowork.com/fr-fr/emplois/81670653.html
2026-08-14 19:48:16,894 [INFO] Offre enregistrée : https://www.hellowork.com/fr-fr/emplois/81670653.html
2026-08-14 19:48:18,900 [INFO] Récupération : https://www.hellowork.com/fr-fr/emplois/81995333.html
2026-08-14 19:48:19,002 [INFO] Offre enregistrée : https://www.hellowork.com/fr-fr/emplois/81995333.html
2026-08-14 19:48:21,007 [INFO] Récupération : https://www.hellowork.com/fr-fr/emplois/81690062.html
2026-08-14 19:48:21,103 [INFO] Offre enregistrée : https://www.hellowork.com/fr-fr/emplois/81690062.html
2026-08-14 19:48:23,108 [INFO] Récupération : https://www.hellowork.com/fr-fr/emplois/81688596.html
2026-08-14 19:48:23,216 [INFO] Offre enregistrée : https://www.hellowork.com/fr-fr/emplois/81688596.html
2026-08-14 19:48:25,222 [INFO] Récupération : https://www.hellowork.com/fr-fr/emplois/81685144.html
2026-08-14 19:48:25,314 [INFO] Offre enregistrée : https://www.hellowork.com/fr-fr/emplois/81685144.html
2026-08-14 19:48:27,319 [INFO] Récupération : https://www.hellowork.com/fr-fr/emplois/81684547.html
2026-08-14 19:48:27,421 [INFO] Offre enregistrée : https://www.hellowork.com/fr-fr/emplois/81684547.html
2026-08-14 19:48:29,426 [INFO] Récupération : https://www.hellowork.com/fr-fr/emplois/81684359.html
2026-08-14 19:48:29,552 [INFO] Offre enregistrée : https://www.hellowork.com/fr-fr/emplois/81684359.html
2026-08-14 19:48:31,557 [INFO] Récupération : https://www.hellowork.com/fr-fr/emplois/81671581.html
2026-08-14 19:48:31,657 [INFO] Offre enregistrée : https://www.hellowork.com/fr-fr/emplois/81671581.html
2026-08-14 19:48:33,662 [INFO] Récupération : https://www.hellowork.com/fr-fr/emplois/81671567.html
2026-08-14 19:48:33,752 [INFO] Offre enregistrée : https://www.hellowork.com/fr-fr/emplois/81671567.html
2026-08-14 19:48:35,758 [INFO] Récupération : https://www.hellowork.com/fr-fr/emplois/72657109.html
2026-08-14 19:48:35,886 [INFO] Offre enregistrée : https://www.hellowork.com/fr-fr/emplois/72657109.html
2026-08-14 19:48:37,892 [INFO] Récupération : https://www.hellowork.com/fr-fr/emplois/81688008.html
2026-08-14 19:48:37,985 [INFO] Offre enregistrée : https://www.hellowork.com/fr-fr/emplois/81688008.html
2026-08-14 19:48:39,990 [INFO] Récupération : https://www.hellowork.com/fr-fr/emplois/81683307.html
2026-08-14 19:48:40,132 [INFO] Offre enregistrée : https://www.hellowork.com/fr-fr/emplois/81683307.html
2026-08-14 19:48:42,137 [INFO] Récupération : https://www.hellowork.com/fr-fr/emplois/81688680.html
2026-08-14 19:48:42,236 [INFO] Offre enregistrée : https://www.hellowork.com/fr-fr/emplois/81688680.html
2026-08-14 19:48:44,241 [INFO] FIN
2026-08-14 19:54:23,764 [INFO] Démarrage du scraping sur https://www.hellowork.com/fr-fr/emploi/recherche.html?k=php&l=paris
2026-08-14 19:54:23,941 [INFO] 30 offres trouvées
2026-08-14 19:54:23,941 [INFO] 30 nouvelles offres à récupérer (0 déjà en base, 0 déjà rejetées)
2026-08-14 19:54:23,941 [INFO] Récupération : https://www.hellowork.com/fr-fr/emplois/81792851.html
2026-08-14 19:54:24,044 [INFO] Offre enregistrée : https://www.hellowork.com/fr-fr/emplois/81792851.html
2026-08-14 19:54:26,049 [INFO] Récupération : https://www.hellowork.com/fr-fr/emplois/82108545.html
2026-08-14 19:54:26,180 [INFO] Offre enregistrée : https://www.hellowork.com/fr-fr/emplois/82108545.html
2026-08-14 19:54:28,185 [INFO] Récupération : https://www.hellowork.com/fr-fr/emplois/80459811.html
2026-08-14 19:54:28,329 [INFO] Offre enregistrée : https://www.hellowork.com/fr-fr/emplois/80459811.html
2026-08-14 19:54:30,333 [INFO] Récupération : https://www.hellowork.com/fr-fr/emplois/78667327.html
2026-08-14 19:54:30,419 [INFO] Offre enregistrée : https://www.hellowork.com/fr-fr/emplois/78667327.html
2026-08-14 19:54:32,424 [INFO] Récupération : https://www.hellowork.com/fr-fr/emplois/82108550.html
2026-08-14 19:54:32,542 [INFO] Offre enregistrée : https://www.hellowork.com/fr-fr/emplois/82108550.html
2026-08-14 19:54:34,547 [INFO] Récupération : https://www.hellowork.com/fr-fr/emplois/82121187.html
2026-08-14 19:54:34,660 [INFO] Offre enregistrée : https://www.hellowork.com/fr-fr/emplois/82121187.html
2026-08-14 19:54:36,665 [INFO] Récupération : https://www.hellowork.com/fr-fr/emplois/82055405.html
2026-08-14 19:54:36,771 [INFO] Offre enregistrée : https://www.hellowork.com/fr-fr/emplois/82055405.html
2026-08-14 19:54:38,777 [INFO] Récupération : https://www.hellowork.com/fr-fr/emplois/81886930.html
2026-08-14 19:54:38,915 [INFO] Offre enregistrée : https://www.hellowork.com/fr-fr/emplois/81886930.html
2026-08-14 19:54:40,920 [INFO] Récupération : https://www.hellowork.com/fr-fr/emplois/82120782.html
2026-08-14 19:54:41,001 [INFO] Offre enregistrée : https://www.hellowork.com/fr-fr/emplois/82120782.html
2026-08-14 19:54:43,003 [INFO] Récupération : https://www.hellowork.com/fr-fr/emplois/78956477.html
2026-08-14 19:54:43,110 [INFO] Offre en alternance rejetée : https://www.hellowork.com/fr-fr/emplois/78956477.html (Développeur Full Stack en Alternance H/F)
2026-08-14 19:54:45,111 [INFO] Récupération : https://www.hellowork.com/fr-fr/emplois/80889692.html
2026-08-14 19:54:45,226 [INFO] Offre enregistrée : https://www.hellowork.com/fr-fr/emplois/80889692.html
2026-08-14 19:54:47,231 [INFO] Récupération : https://www.hellowork.com/fr-fr/emplois/81835669.html
2026-08-14 19:54:47,364 [INFO] Offre enregistrée : https://www.hellowork.com/fr-fr/emplois/81835669.html
2026-08-14 19:54:49,369 [INFO] Récupération : https://www.hellowork.com/fr-fr/emplois/78094312.html
2026-08-14 19:54:49,488 [INFO] Offre enregistrée : https://www.hellowork.com/fr-fr/emplois/78094312.html
2026-08-14 19:54:51,494 [INFO] Récupération : https://www.hellowork.com/fr-fr/emplois/82253251.html
2026-08-14 19:54:51,613 [INFO] Offre enregistrée : https://www.hellowork.com/fr-fr/emplois/82253251.html
2026-08-14 19:54:53,618 [INFO] Récupération : https://www.hellowork.com/fr-fr/emplois/82082528.html
2026-08-14 19:54:53,738 [INFO] Offre enregistrée : https://www.hellowork.com/fr-fr/emplois/82082528.html
2026-08-14 19:54:55,743 [INFO] Récupération : https://www.hellowork.com/fr-fr/emplois/72657015.html
2026-08-14 19:54:55,853 [INFO] Offre enregistrée : https://www.hellowork.com/fr-fr/emplois/72657015.html
2026-08-14 19:54:57,854 [INFO] Récupération : https://www.hellowork.com/fr-fr/emplois/81671693.html
2026-08-14 19:54:57,946 [INFO] Offre enregistrée : https://www.hellowork.com/fr-fr/emplois/81671693.html
2026-08-14 19:54:59,951 [INFO] Récupération : https://www.hellowork.com/fr-fr/emplois/81670653.html
2026-08-14 19:55:00,058 [INFO] Offre enregistrée : https://www.hellowork.com/fr-fr/emplois/81670653.html
2026-08-14 19:55:02,063 [INFO] Récupération : https://www.hellowork.com/fr-fr/emplois/81995333.html
2026-08-14 19:55:02,171 [INFO] Offre enregistrée : https://www.hellowork.com/fr-fr/emplois/81995333.html
2026-08-14 19:55:04,177 [INFO] Récupération : https://www.hellowork.com/fr-fr/emplois/81690062.html
2026-08-14 19:55:04,276 [INFO] Offre enregistrée : https://www.hellowork.com/fr-fr/emplois/81690062.html
2026-08-14 19:55:06,281 [INFO] Récupération : https://www.hellowork.com/fr-fr/emplois/81688596.html
2026-08-14 19:55:06,414 [INFO] Offre enregistrée : https://www.hellowork.com/fr-fr/emplois/81688596.html
2026-08-14 19:55:08,419 [INFO] Récupération : https://www.hellowork.com/fr-fr/emplois/81685144.html
2026-08-14 19:55:08,507 [INFO] Offre enregistrée : https://www.hellowork.com/fr-fr/emplois/81685144.html
2026-08-14 19:55:10,507 [INFO] Récupération : https://www.hellowork.com/fr-fr/emplois/81684547.html
2026-08-14 19:55:10,585 [INFO] Offre enregistrée : https://www.hellowork.com/fr-fr/emplois/81684547.html
2026-08-14 19:55:12,590 [INFO] Récupération : https://www.hellowork.com/fr-fr/emplois/81684359.html
2026-08-14 19:55:12,712 [INFO] Offre enregistrée : https://www.hellowork.com/fr-fr/emplois/81684359.html
2026-08-14 19:55:14,717 [INFO] Récupération : https://www.hellowork.com/fr-fr/emplois/81671581.html
2026-08-14 19:55:14,820 [INFO] Offre enregistrée : https://www.hellowork.com/fr-fr/emplois/81671581.html
2026-08-14 19:55:16,825 [INFO] Récupération : https://www.hellowork.com/fr-fr/emplois/81671567.html
2026-08-14 19:55:16,931 [INFO] Offre enregistrée : https://www.hellowork.com/fr-fr/emplois/81671567.html
2026-08-14 19:55:18,936 [INFO] Récupération : https://www.hellowork.com/fr-fr/emplois/72657109.html
2026-08-14 19:55:19,076 [INFO] Offre enregistrée : https://www.hellowork.com/fr-fr/emplois/72657109.html
2026-08-14 19:55:21,081 [INFO] Récupération : https://www.hellowork.com/fr-fr/emplois/81688008.html
2026-08-14 19:55:21,181 [INFO] Offre enregistrée : https://www.hellowork.com/fr-fr/emplois/81688008.html
2026-08-14 19:55:23,186 [INFO] Récupération : https://www.hellowork.com/fr-fr/emplois/81683307.html
2026-08-14 19:55:23,297 [INFO] Offre enregistrée : https://www.hellowork.com/fr-fr/emplois/81683307.html
2026-08-14 19:55:25,302 [INFO] Récupération : https://www.hellowork.com/fr-fr/emplois/81688680.html
2026-08-14 19:55:25,418 [INFO] Offre enregistrée : https://www.hellowork.com/fr-fr/emplois/81688680.html
2026-08-14 19:55:27,424 [INFO] FIN
2026-08-14 19:58:21,526 [INFO] Démarrage du scraping sur https://www.hellowork.com/fr-fr/emploi/recherche.html?k=php&l=paris
2026-08-14 19:58:21,749 [INFO] 30 offres trouvées
2026-08-14 19:58:21,752 [INFO] Déjà scrapé, ignoré : https://www.hellowork.com/fr-fr/emplois/81792851.html
2026-08-14 19:58:21,752 [INFO] Déjà scrapé, ignoré : https://www.hellowork.com/fr-fr/emplois/82108545.html
2026-08-14 19:58:21,752 [INFO] Déjà scrapé, ignoré : https://www.hellowork.com/fr-fr/emplois/80459811.html
2026-08-14 19:58:21,752 [INFO] Déjà scrapé, ignoré : https://www.hellowork.com/fr-fr/emplois/78667327.html
2026-08-14 19:58:21,752 [INFO] Déjà scrapé, ignoré : https://www.hellowork.com/fr-fr/emplois/82108550.html
2026-08-14 19:58:21,752 [INFO] Déjà scrapé, ignoré : https://www.hellowork.com/fr-fr/emplois/82121187.html
2026-08-14 19:58:21,752 [INFO] Déjà scrapé, ignoré : https://www.hellowork.com/fr-fr/emplois/82055405.html
2026-08-14 19:58:21,752 [INFO] Déjà scrapé, ignoré : https://www.hellowork.com/fr-fr/emplois/81886930.html
2026-08-14 19:58:21,752 [INFO] Déjà scrapé, ignoré : https://www.hellowork.com/fr-fr/emplois/82120782.html
2026-08-14 19:58:21,752 [INFO] Déjà rejeté, ignoré : https://www.hellowork.com/fr-fr/emplois/78956477.html
2026-08-14 19:58:21,752 [INFO] Déjà scrapé, ignoré : https://www.hellowork.com/fr-fr/emplois/80889692.html
2026-08-14 19:58:21,752 [INFO] Déjà scrapé, ignoré : https://www.hellowork.com/fr-fr/emplois/81835669.html
2026-08-14 19:58:21,752 [INFO] Déjà scrapé, ignoré : https://www.hellowork.com/fr-fr/emplois/78094312.html
2026-08-14 19:58:21,752 [INFO] Déjà scrapé, ignoré : https://www.hellowork.com/fr-fr/emplois/82253251.html
2026-08-14 19:58:21,752 [INFO] Déjà scrapé, ignoré : https://www.hellowork.com/fr-fr/emplois/82082528.html
2026-08-14 19:58:21,752 [INFO] Déjà scrapé, ignoré : https://www.hellowork.com/fr-fr/emplois/72657015.html
2026-08-14 19:58:21,752 [INFO] Déjà scrapé, ignoré : https://www.hellowork.com/fr-fr/emplois/81671693.html
2026-08-14 19:58:21,752 [INFO] Déjà scrapé, ignoré : https://www.hellowork.com/fr-fr/emplois/81670653.html
2026-08-14 19:58:21,752 [INFO] Déjà scrapé, ignoré : https://www.hellowork.com/fr-fr/emplois/81995333.html
2026-08-14 19:58:21,752 [INFO] Déjà scrapé, ignoré : https://www.hellowork.com/fr-fr/emplois/81690062.html
2026-08-14 19:58:21,752 [INFO] Déjà scrapé, ignoré : https://www.hellowork.com/fr-fr/emplois/81688596.html
2026-08-14 19:58:21,752 [INFO] Déjà scrapé, ignoré : https://www.hellowork.com/fr-fr/emplois/81685144.html
2026-08-14 19:58:21,752 [INFO] Déjà scrapé, ignoré : https://www.hellowork.com/fr-fr/emplois/81684547.html
2026-08-14 19:58:21,752 [INFO] Déjà scrapé, ignoré : https://www.hellowork.com/fr-fr/emplois/81684359.html
2026-08-14 19:58:21,752 [INFO] Déjà scrapé, ignoré : https://www.hellowork.com/fr-fr/emplois/81671581.html
2026-08-14 19:58:21,752 [INFO] Déjà scrapé, ignoré : https://www.hellowork.com/fr-fr/emplois/81671567.html
2026-08-14 19:58:21,752 [INFO] Déjà scrapé, ignoré : https://www.hellowork.com/fr-fr/emplois/72657109.html
2026-08-14 19:58:21,752 [INFO] Déjà scrapé, ignoré : https://www.hellowork.com/fr-fr/emplois/81688008.html
2026-08-14 19:58:21,752 [INFO] Déjà scrapé, ignoré : https://www.hellowork.com/fr-fr/emplois/81683307.html
2026-08-14 19:58:21,752 [INFO] Déjà scrapé, ignoré : https://www.hellowork.com/fr-fr/emplois/81688680.html
2026-08-14 19:58:21,752 [INFO] 0 nouvelles offres à récupérer (29 déjà en base, 1 déjà rejetées)
2026-08-14 19:58:21,752 [INFO] FIN
